[DEBUG 02:07:34] git.cmd Popen(['git', 'version'], cwd=/root/autodl-tmp/AAAI/LLM_Communication/Baseline-cognac/SMS, stdin=None, shell=False, universal_newlines=False)
[DEBUG 02:07:34] git.cmd Popen(['git', 'version'], cwd=/root/autodl-tmp/AAAI/LLM_Communication/Baseline-cognac/SMS, stdin=None, shell=False, universal_newlines=False)
[DEBUG 02:07:34] git.util sys.platform='linux', git_executable='git'
[DEBUG 02:07:34] git.util sys.platform='linux', git_executable='git'
src/main.py:87: YAMLLoadWarning: calling yaml.load() without Loader=... is deprecated, as the default Loader is unsafe. Please read https://msg.pyyaml.org/load for full details.
  config_dict = yaml.load(f)
src/main.py:48: YAMLLoadWarning: calling yaml.load() without Loader=... is deprecated, as the default Loader is unsafe. Please read https://msg.pyyaml.org/load for full details.
  config_dict = yaml.load(f)
src/main.py:56: DeprecationWarning: Using or importing the ABCs from 'collections' instead of from 'collections.abc' is deprecated since Python 3.3, and in 3.10 it will stop working
  if isinstance(v, collections.Mapping):
[INFO 02:07:34] root Saving to FileStorageObserver in /root/autodl-tmp/AAAI/LLM_Communication/Baseline-cognac/SMS/results/sacred/sysadmin_10/SMS_COGNAC.
[DEBUG 02:07:34] pymarl Using capture mode "fd"
[INFO 02:07:34] pymarl Running command 'my_main'
[INFO 02:07:34] pymarl Started run with ID "3"
[DEBUG 02:07:34] pymarl Starting Heartbeat
[DEBUG 02:07:34] my_main Started
[INFO 02:07:34] my_main Experiment Parameters:
[INFO 02:07:34] my_main 

{   'abs': True,
    'action_selector': 'gumbel',
    'agent': 'sms',
    'agent_output_type': 'pi_logits',
    'batch_size': 32,
    'batch_size_run': 1,
    'buffer_cpu_only': True,
    'buffer_size': 128,
    'checkpoint_path': '',
    'critic_hidden_dim': 128,
    'critic_lr': 0.001,
    'dropout_rate': 0.5,
    'enable_msg_selector': True,
    'entropy_coef': 0.03,
    'env': 'cognac',
    'env_args': {   'graph_path': 'src/envs/cognac_assets/basic_directed_network_10.npy',
                    'map_name': 'sysadmin_10',
                    'max_steps': 100,
                    'seed': 1237,
                    'task': 'sysadmin_10'},
    'epsilon_anneal_time': 100000,
    'epsilon_finish': 0.0,
    'epsilon_start': 0.0,
    'evaluate': False,
    'gamma': 0.99,
    'grad_norm_clip': 10,
    'hypernet_embed': 64,
    'label': 'default_label',
    'lambd': 0.6,
    'learner': 'sms_learner',
    'learner_log_interval': 10000,
    'load_step': 0,
    'local_results_path': 'results',
    'log_interval': 2000,
    'lr': 0.001,
    'mac': 'sms_mac',
    'mask_before_softmax': True,
    'message_dropout': True,
    'mixer': 'dop',
    'mixing_embed_dim': 32,
    'msg_dim': 8,
    'msg_hidden_dim': 32,
    'msg_lr': 0.0001,
    'msg_n_epochs': 1,
    'name': 'SMS_COGNAC',
    'obs_agent_id': True,
    'obs_last_action': True,
    'off_batch_size': 64,
    'off_buffer_size': 5000,
    'optim_alpha': 0.99,
    'optim_eps': 1e-05,
    'optimizer': 'adam',
    'repeat_id': 1,
    'rnn_hidden_dim': 64,
    'run': 'on_off',
    'runner': 'episode',
    'runner_log_interval': 10000,
    'sample_size': 2,
    'save_model': False,
    'save_model_interval': 100000,
    'save_replay': False,
    'seed': 1237,
    'selector_hidden_dim': 32,
    'start_msg_select_timestep': 300000,
    't_max': 2050000,
    'target_update_interval': 200,
    'test_greedy': True,
    'test_interval': 10000,
    'test_nepisode': 32,
    'use_cuda': True,
    'use_rnn': False,
    'use_tensorboard': True}

[INFO 02:07:36] my_main Beginning training for 2050000 timesteps
/root/autodl-tmp/AAAI/LLM_Communication/Baseline-cognac/SMS/src/components/episode_buffer.py:103: UserWarning: Creating a tensor from a list of numpy.ndarrays is extremely slow. Please consider converting the list to a single numpy.ndarray with numpy.array() before converting to a tensor. (Triggered internally at ../torch/csrc/utils/tensor_new.cpp:278.)
  v = th.tensor(v, dtype=dtype, device=self.device)
/root/autodl-tmp/AAAI/LLM_Communication/Baseline-cognac/SMS/src/components/episode_buffer.py:103: UserWarning: To copy construct from a tensor, it is recommended to use sourceTensor.clone().detach() or sourceTensor.clone().detach().requires_grad_(True), rather than torch.tensor(sourceTensor).
  v = th.tensor(v, dtype=dtype, device=self.device)
[INFO 02:07:37] my_main t_env: 100 / 2050000
[INFO 02:07:37] my_main Estimated time left: 4 minutes, 27 seconds. Time passed: 1 seconds
[INFO 02:08:25] my_main Recent Stats | t_env:       2000 | Episode:       20
communication_rate_mean:   1.0000	ep_length_mean:          100.0000	episode_limit_mean:        1.0000	epsilon:                   0.0000
healthy_machine_fraction_mean:  0.2000	return_mean:               3.0000	return_std:                0.0000	test_communication_rate_mean:  1.0000
test_ep_length_mean:     100.0000	test_episode_limit_mean:   1.0000	test_healthy_machine_fraction_mean:  0.8469	test_return_mean:          0.0000
test_return_std:           0.0000	
[INFO 02:08:48] my_main Recent Stats | t_env:       4000 | Episode:       40

[INFO 02:09:12] my_main Recent Stats | t_env:       6000 | Episode:       60

[INFO 02:09:35] my_main Recent Stats | t_env:       8000 | Episode:       80

[INFO 02:09:58] my_main Recent Stats | t_env:      10000 | Episode:      100

[INFO 02:09:59] my_main t_env: 10100 / 2050000
[INFO 02:09:59] my_main Estimated time left: 8 hours, 1 minutes, 54 seconds. Time passed: 2 minutes, 23 seconds
[INFO 02:10:41] my_main Recent Stats | t_env:      12000 | Episode:      120
communication_rate_mean:   1.0000	ep_length_mean:          100.0000	episode_limit_mean:        1.0000	epsilon:                   0.0000
healthy_machine_fraction_mean:  0.6410	return_mean:               1.5700	return_std:                1.3286	test_communication_rate_mean:  1.0000
test_ep_length_mean:     100.0000	test_episode_limit_mean:   1.0000	test_healthy_machine_fraction_mean:  0.8656	test_return_mean:          0.0000
test_return_std:           0.0000	
[INFO 02:17:05] my_main Recent Stats | t_env:      14000 | Episode:      140
agent_grad_norm:           0.0568	critic_grad_norm:          0.1654	critic_loss:               0.0323	entropy_loss:              0.6732
pg_loss:                   0.0412	pi_max:                    0.5915	selector_loss:             0.0289	target_vals:              -0.0845

[INFO 02:24:25] my_main Recent Stats | t_env:      16000 | Episode:      160

[INFO 02:31:40] my_main Recent Stats | t_env:      18000 | Episode:      180

[INFO 02:39:00] my_main Recent Stats | t_env:      20000 | Episode:      200

[INFO 02:39:23] my_main t_env: 20100 / 2050000
[INFO 02:39:23] my_main Estimated time left: 4 days, 3 hours, 27 minutes, 15 seconds. Time passed: 31 minutes, 46 seconds
[INFO 02:46:42] my_main Recent Stats | t_env:      22000 | Episode:      220
communication_rate_mean:   1.0000	ep_length_mean:          100.0000	episode_limit_mean:        1.0000	epsilon:                   0.0000
healthy_machine_fraction_mean:  0.2190	return_mean:               7.8100	return_std:                5.3511	test_communication_rate_mean:  1.0000
test_ep_length_mean:     100.0000	test_episode_limit_mean:   1.0000	test_healthy_machine_fraction_mean:  0.0000	test_return_mean:          7.0938
test_return_std:           1.6651	
[INFO 02:53:59] my_main Recent Stats | t_env:      24000 | Episode:      240
agent_grad_norm:           0.0112	critic_grad_norm:          0.2263	critic_loss:               0.1394	entropy_loss:              0.1265
pg_loss:                  -0.6974	pi_max:                    0.9687	selector_loss:             0.0036	target_vals:               0.1045

[INFO 03:01:17] my_main Recent Stats | t_env:      26000 | Episode:      260

[INFO 03:08:31] my_main Recent Stats | t_env:      28000 | Episode:      280

[INFO 03:15:51] my_main Recent Stats | t_env:      30000 | Episode:      300

[INFO 03:16:13] my_main t_env: 30100 / 2050000
[INFO 03:16:13] my_main Estimated time left: 5 days, 4 hours, 2 minutes, 11 seconds. Time passed: 1 hours, 8 minutes, 37 seconds
[INFO 03:23:32] my_main Recent Stats | t_env:      32000 | Episode:      320
communication_rate_mean:   1.0000	ep_length_mean:          100.0000	episode_limit_mean:        1.0000	epsilon:                   0.0000
healthy_machine_fraction_mean:  0.0050	return_mean:              13.3000	return_std:                3.7776	test_communication_rate_mean:  1.0000
test_ep_length_mean:     100.0000	test_episode_limit_mean:   1.0000	test_healthy_machine_fraction_mean:  0.0000	test_return_mean:          8.6250
test_return_std:           2.7472	
[INFO 03:30:52] my_main Recent Stats | t_env:      34000 | Episode:      340
agent_grad_norm:           0.0136	critic_grad_norm:          0.3076	critic_loss:               0.1220	entropy_loss:              0.1945
pg_loss:                  -0.6584	pi_max:                    0.9137	selector_loss:             0.0023	target_vals:               0.1917

[INFO 03:38:08] my_main Recent Stats | t_env:      36000 | Episode:      360

[INFO 03:45:28] my_main Recent Stats | t_env:      38000 | Episode:      380

[INFO 03:52:42] my_main Recent Stats | t_env:      40000 | Episode:      400

[INFO 03:53:03] my_main t_env: 40100 / 2050000
[INFO 03:53:03] my_main Estimated time left: 5 days, 3 hours, 23 minutes, 3 seconds. Time passed: 1 hours, 45 minutes, 27 seconds
[INFO 04:00:24] my_main Recent Stats | t_env:      42000 | Episode:      420
communication_rate_mean:   1.0000	ep_length_mean:          100.0000	episode_limit_mean:        1.0000	epsilon:                   0.0000
healthy_machine_fraction_mean:  0.0680	return_mean:              24.1400	return_std:                5.8924	test_communication_rate_mean:  1.0000
test_ep_length_mean:     100.0000	test_episode_limit_mean:   1.0000	test_healthy_machine_fraction_mean:  0.0969	test_return_mean:         24.8438
test_return_std:           6.8288	
[INFO 04:07:42] my_main Recent Stats | t_env:      44000 | Episode:      440
agent_grad_norm:           0.0725	critic_grad_norm:          0.2183	critic_loss:               0.2482	entropy_loss:              0.1677
pg_loss:                  -1.4965	pi_max:                    0.9249	selector_loss:             0.0036	target_vals:               0.7430

[INFO 04:14:56] my_main Recent Stats | t_env:      46000 | Episode:      460

[INFO 04:22:16] my_main Recent Stats | t_env:      48000 | Episode:      480

[INFO 04:29:30] my_main Recent Stats | t_env:      50000 | Episode:      500

[INFO 04:29:51] my_main t_env: 50100 / 2050000
[INFO 04:29:51] my_main Estimated time left: 5 days, 2 hours, 39 minutes, 13 seconds. Time passed: 2 hours, 22 minutes, 15 seconds
[INFO 04:37:15] my_main Recent Stats | t_env:      52000 | Episode:      520
communication_rate_mean:   1.0000	ep_length_mean:          100.0000	episode_limit_mean:        1.0000	epsilon:                   0.0000
healthy_machine_fraction_mean:  0.0890	return_mean:              26.4200	return_std:                5.8825	test_communication_rate_mean:  1.0000
test_ep_length_mean:     100.0000	test_episode_limit_mean:   1.0000	test_healthy_machine_fraction_mean:  0.0375	test_return_mean:         29.5000
test_return_std:           6.2048	
[INFO 04:44:28] my_main Recent Stats | t_env:      54000 | Episode:      540
agent_grad_norm:           0.0700	critic_grad_norm:          0.3072	critic_loss:               0.2765	entropy_loss:              0.1424
pg_loss:                  -1.6395	pi_max:                    0.9382	selector_loss:             0.0049	target_vals:               0.9844

[INFO 04:51:48] my_main Recent Stats | t_env:      56000 | Episode:      560

[INFO 04:59:01] my_main Recent Stats | t_env:      58000 | Episode:      580

[INFO 05:06:21] my_main Recent Stats | t_env:      60000 | Episode:      600

[INFO 05:06:42] my_main t_env: 60100 / 2050000
[INFO 05:06:42] my_main Estimated time left: 5 days, 2 hours, 10 minutes, 24 seconds. Time passed: 2 hours, 59 minutes, 5 seconds
[INFO 05:14:00] my_main Recent Stats | t_env:      62000 | Episode:      620
communication_rate_mean:   1.0000	ep_length_mean:          100.0000	episode_limit_mean:        1.0000	epsilon:                   0.0000
healthy_machine_fraction_mean:  0.0970	return_mean:              30.3300	return_std:                6.4623	test_communication_rate_mean:  1.0000
test_ep_length_mean:     100.0000	test_episode_limit_mean:   1.0000	test_healthy_machine_fraction_mean:  0.0719	test_return_mean:         33.7812
test_return_std:           8.4066	
[INFO 05:21:15] my_main Recent Stats | t_env:      64000 | Episode:      640
agent_grad_norm:           0.0328	critic_grad_norm:          0.9100	critic_loss:               0.3761	entropy_loss:              0.1399
pg_loss:                  -2.4556	pi_max:                    0.9396	selector_loss:             0.0093	target_vals:               1.4513

[INFO 05:28:33] my_main Recent Stats | t_env:      66000 | Episode:      660

[INFO 05:35:46] my_main Recent Stats | t_env:      68000 | Episode:      680

[INFO 05:43:05] my_main Recent Stats | t_env:      70000 | Episode:      700

[INFO 05:43:26] my_main t_env: 70100 / 2050000
[INFO 05:43:26] my_main Estimated time left: 5 days, 1 hours, 15 minutes, 3 seconds. Time passed: 3 hours, 35 minutes, 50 seconds
[INFO 05:50:44] my_main Recent Stats | t_env:      72000 | Episode:      720
communication_rate_mean:   1.0000	ep_length_mean:          100.0000	episode_limit_mean:        1.0000	epsilon:                   0.0000
healthy_machine_fraction_mean:  0.1020	return_mean:              31.7500	return_std:                6.0405	test_communication_rate_mean:  1.0000
test_ep_length_mean:     100.0000	test_episode_limit_mean:   1.0000	test_healthy_machine_fraction_mean:  0.1500	test_return_mean:         35.8750
test_return_std:           4.3786	
[INFO 05:58:03] my_main Recent Stats | t_env:      74000 | Episode:      740
agent_grad_norm:           0.0273	critic_grad_norm:          0.3501	critic_loss:               0.3841	entropy_loss:              0.1482
pg_loss:                  -2.6249	pi_max:                    0.9359	selector_loss:             0.0116	target_vals:               1.9323

[INFO 06:05:16] my_main Recent Stats | t_env:      76000 | Episode:      760

[INFO 06:12:36] my_main Recent Stats | t_env:      78000 | Episode:      780

[INFO 06:19:48] my_main Recent Stats | t_env:      80000 | Episode:      800

[INFO 06:20:09] my_main t_env: 80100 / 2050000
[INFO 06:20:09] my_main Estimated time left: 5 days, 33 minutes, 7 seconds. Time passed: 4 hours, 12 minutes, 33 seconds
[INFO 06:27:30] my_main Recent Stats | t_env:      82000 | Episode:      820
communication_rate_mean:   1.0000	ep_length_mean:          100.0000	episode_limit_mean:        1.0000	epsilon:                   0.0000
healthy_machine_fraction_mean:  0.1330	return_mean:              31.8800	return_std:                5.4923	test_communication_rate_mean:  1.0000
test_ep_length_mean:     100.0000	test_episode_limit_mean:   1.0000	test_healthy_machine_fraction_mean:  0.1219	test_return_mean:         34.3125
test_return_std:           6.5595	
[INFO 06:34:44] my_main Recent Stats | t_env:      84000 | Episode:      840
agent_grad_norm:           0.0697	critic_grad_norm:          0.3938	critic_loss:               0.4674	entropy_loss:              0.1332
pg_loss:                  -3.2202	pi_max:                    0.9420	selector_loss:             0.0171	target_vals:               2.1265

[INFO 06:42:00] my_main Recent Stats | t_env:      86000 | Episode:      860

[INFO 06:49:17] my_main Recent Stats | t_env:      88000 | Episode:      880

[INFO 06:56:31] my_main Recent Stats | t_env:      90000 | Episode:      900

[INFO 06:56:51] my_main t_env: 90100 / 2050000
[INFO 06:56:51] my_main Estimated time left: 4 days, 23 hours, 50 minutes, 27 seconds. Time passed: 4 hours, 49 minutes, 14 seconds
[INFO 07:04:14] my_main Recent Stats | t_env:      92000 | Episode:      920
communication_rate_mean:   1.0000	ep_length_mean:          100.0000	episode_limit_mean:        1.0000	epsilon:                   0.0000
healthy_machine_fraction_mean:  0.1470	return_mean:              32.3800	return_std:                5.7841	test_communication_rate_mean:  1.0000
test_ep_length_mean:     100.0000	test_episode_limit_mean:   1.0000	test_healthy_machine_fraction_mean:  0.1125	test_return_mean:         40.1250
test_return_std:           7.2876	
[INFO 07:11:27] my_main Recent Stats | t_env:      94000 | Episode:      940
agent_grad_norm:           0.1160	critic_grad_norm:          1.0499	critic_loss:               0.4754	entropy_loss:              0.1415
pg_loss:                  -3.4538	pi_max:                    0.9385	selector_loss:             0.0209	target_vals:               2.3588

[INFO 07:18:44] my_main Recent Stats | t_env:      96000 | Episode:      960

[INFO 07:25:56] my_main Recent Stats | t_env:      98000 | Episode:      980

[INFO 07:33:15] my_main Recent Stats | t_env:     100000 | Episode:     1000

[INFO 07:33:36] my_main t_env: 100100 / 2050000
[INFO 07:33:36] my_main Estimated time left: 4 days, 23 hours, 26 minutes, 55 seconds. Time passed: 5 hours, 26 minutes, 0 seconds
[INFO 07:40:53] my_main Recent Stats | t_env:     102000 | Episode:     1020
communication_rate_mean:   1.0000	ep_length_mean:          100.0000	episode_limit_mean:        1.0000	epsilon:                   0.0000
healthy_machine_fraction_mean:  0.1270	return_mean:              31.2400	return_std:                6.3405	test_communication_rate_mean:  1.0000
test_ep_length_mean:     100.0000	test_episode_limit_mean:   1.0000	test_healthy_machine_fraction_mean:  0.0562	test_return_mean:         40.4375
test_return_std:           6.1285	
[INFO 07:48:11] my_main Recent Stats | t_env:     104000 | Episode:     1040
agent_grad_norm:           0.0811	critic_grad_norm:          1.0852	critic_loss:               0.4968	entropy_loss:              0.1515
pg_loss:                  -3.8433	pi_max:                    0.9333	selector_loss:             0.0264	target_vals:               3.0726

[INFO 07:55:23] my_main Recent Stats | t_env:     106000 | Episode:     1060

[INFO 08:02:41] my_main Recent Stats | t_env:     108000 | Episode:     1080

[INFO 08:09:53] my_main Recent Stats | t_env:     110000 | Episode:     1100

[INFO 08:10:13] my_main t_env: 110100 / 2050000
[INFO 08:10:13] my_main Estimated time left: 4 days, 22 hours, 25 minutes, 11 seconds. Time passed: 6 hours, 2 minutes, 37 seconds
[INFO 08:17:33] my_main Recent Stats | t_env:     112000 | Episode:     1120
communication_rate_mean:   1.0000	ep_length_mean:          100.0000	episode_limit_mean:        1.0000	epsilon:                   0.0000
healthy_machine_fraction_mean:  0.1550	return_mean:              32.2900	return_std:                5.3410	test_communication_rate_mean:  1.0000
test_ep_length_mean:     100.0000	test_episode_limit_mean:   1.0000	test_healthy_machine_fraction_mean:  0.0844	test_return_mean:         42.7812
test_return_std:           5.6994	
[INFO 08:24:49] my_main Recent Stats | t_env:     114000 | Episode:     1140
agent_grad_norm:           0.0621	critic_grad_norm:          0.2158	critic_loss:               0.4530	entropy_loss:              0.1671
pg_loss:                  -4.0240	pi_max:                    0.9264	selector_loss:             0.0298	target_vals:               3.0327

[INFO 08:32:02] my_main Recent Stats | t_env:     116000 | Episode:     1160

[INFO 08:39:18] my_main Recent Stats | t_env:     118000 | Episode:     1180

[INFO 08:46:31] my_main Recent Stats | t_env:     120000 | Episode:     1200

[INFO 08:46:51] my_main t_env: 120100 / 2050000
[INFO 08:46:51] my_main Estimated time left: 4 days, 21 hours, 46 minutes, 56 seconds. Time passed: 6 hours, 39 minutes, 14 seconds
[INFO 08:54:13] my_main Recent Stats | t_env:     122000 | Episode:     1220
communication_rate_mean:   1.0000	ep_length_mean:          100.0000	episode_limit_mean:        1.0000	epsilon:                   0.0000
healthy_machine_fraction_mean:  0.1540	return_mean:              34.7400	return_std:                6.3869	test_communication_rate_mean:  1.0000
test_ep_length_mean:     100.0000	test_episode_limit_mean:   1.0000	test_healthy_machine_fraction_mean:  0.0594	test_return_mean:         45.2812
test_return_std:           6.0737	
[INFO 09:01:25] my_main Recent Stats | t_env:     124000 | Episode:     1240
agent_grad_norm:           0.1931	critic_grad_norm:          0.8362	critic_loss:               0.5283	entropy_loss:              0.1704
pg_loss:                  -4.5239	pi_max:                    0.9247	selector_loss:             0.0370	target_vals:               3.2679

[INFO 09:08:43] my_main Recent Stats | t_env:     126000 | Episode:     1260

[INFO 09:15:55] my_main Recent Stats | t_env:     128000 | Episode:     1280

[INFO 09:23:12] my_main Recent Stats | t_env:     130000 | Episode:     1300

[INFO 09:23:32] my_main t_env: 130100 / 2050000
[INFO 09:23:32] my_main Estimated time left: 4 days, 21 hours, 24 minutes, 47 seconds. Time passed: 7 hours, 15 minutes, 56 seconds
[INFO 09:30:49] my_main Recent Stats | t_env:     132000 | Episode:     1320
communication_rate_mean:   1.0000	ep_length_mean:          100.0000	episode_limit_mean:        1.0000	epsilon:                   0.0000
healthy_machine_fraction_mean:  0.1560	return_mean:              37.2700	return_std:                6.3385	test_communication_rate_mean:  1.0000
test_ep_length_mean:     100.0000	test_episode_limit_mean:   1.0000	test_healthy_machine_fraction_mean:  0.1250	test_return_mean:         46.9062
test_return_std:           7.3031	
[INFO 09:38:06] my_main Recent Stats | t_env:     134000 | Episode:     1340
agent_grad_norm:           0.2718	critic_grad_norm:          0.9696	critic_loss:               0.5386	entropy_loss:              0.1774
pg_loss:                  -4.4890	pi_max:                    0.9217	selector_loss:             0.0371	target_vals:               3.2634

[INFO 09:45:18] my_main Recent Stats | t_env:     136000 | Episode:     1360

[INFO 09:52:36] my_main Recent Stats | t_env:     138000 | Episode:     1380

[INFO 09:59:48] my_main Recent Stats | t_env:     140000 | Episode:     1400

[INFO 10:00:08] my_main t_env: 140100 / 2050000
[INFO 10:00:08] my_main Estimated time left: 4 days, 20 hours, 30 minutes, 26 seconds. Time passed: 7 hours, 52 minutes, 32 seconds
[INFO 10:07:29] my_main Recent Stats | t_env:     142000 | Episode:     1420
communication_rate_mean:   1.0000	ep_length_mean:          100.0000	episode_limit_mean:        1.0000	epsilon:                   0.0000
healthy_machine_fraction_mean:  0.1520	return_mean:              38.0300	return_std:                6.4999	test_communication_rate_mean:  1.0000
test_ep_length_mean:     100.0000	test_episode_limit_mean:   1.0000	test_healthy_machine_fraction_mean:  0.0906	test_return_mean:         46.1250
test_return_std:           7.2144	
[INFO 10:14:43] my_main Recent Stats | t_env:     144000 | Episode:     1440
agent_grad_norm:           0.3417	critic_grad_norm:          0.5032	critic_loss:               0.5153	entropy_loss:              0.1747
pg_loss:                  -5.0676	pi_max:                    0.9230	selector_loss:             0.0512	target_vals:               3.5476

[INFO 10:21:58] my_main Recent Stats | t_env:     146000 | Episode:     1460

[INFO 10:29:12] my_main Recent Stats | t_env:     148000 | Episode:     1480

[INFO 10:36:27] my_main Recent Stats | t_env:     150000 | Episode:     1500

[INFO 10:36:45] my_main t_env: 150100 / 2050000
[INFO 10:36:45] my_main Estimated time left: 4 days, 19 hours, 54 minutes, 42 seconds. Time passed: 8 hours, 29 minutes, 8 seconds
[INFO 10:44:08] my_main Recent Stats | t_env:     152000 | Episode:     1520
communication_rate_mean:   1.0000	ep_length_mean:          100.0000	episode_limit_mean:        1.0000	epsilon:                   0.0000
healthy_machine_fraction_mean:  0.1790	return_mean:              38.3500	return_std:                5.6557	test_communication_rate_mean:  1.0000
test_ep_length_mean:     100.0000	test_episode_limit_mean:   1.0000	test_healthy_machine_fraction_mean:  0.1031	test_return_mean:         47.7188
test_return_std:           7.4256	
[INFO 10:51:19] my_main Recent Stats | t_env:     154000 | Episode:     1540
agent_grad_norm:           0.2518	critic_grad_norm:          0.4214	critic_loss:               0.6145	entropy_loss:              0.2033
pg_loss:                  -5.0694	pi_max:                    0.9094	selector_loss:             0.0472	target_vals:               4.0129

[INFO 10:58:37] my_main Recent Stats | t_env:     156000 | Episode:     1560

[INFO 11:05:49] my_main Recent Stats | t_env:     158000 | Episode:     1580

[INFO 11:13:05] my_main Recent Stats | t_env:     160000 | Episode:     1600

[INFO 11:13:25] my_main t_env: 160100 / 2050000
[INFO 11:13:25] my_main Estimated time left: 4 days, 19 hours, 30 minutes, 5 seconds. Time passed: 9 hours, 5 minutes, 48 seconds
[INFO 11:20:41] my_main Recent Stats | t_env:     162000 | Episode:     1620
communication_rate_mean:   1.0000	ep_length_mean:          100.0000	episode_limit_mean:        1.0000	epsilon:                   0.0000
healthy_machine_fraction_mean:  0.2170	return_mean:              38.3200	return_std:                6.5098	test_communication_rate_mean:  1.0000
test_ep_length_mean:     100.0000	test_episode_limit_mean:   1.0000	test_healthy_machine_fraction_mean:  0.0906	test_return_mean:         48.8438
test_return_std:           7.9259	
[INFO 11:27:58] my_main Recent Stats | t_env:     164000 | Episode:     1640
agent_grad_norm:           0.2560	critic_grad_norm:          0.7020	critic_loss:               0.6992	entropy_loss:              0.1821
pg_loss:                  -5.6233	pi_max:                    0.9190	selector_loss:             0.0563	target_vals:               4.3718

[INFO 11:35:09] my_main Recent Stats | t_env:     166000 | Episode:     1660

[INFO 11:42:26] my_main Recent Stats | t_env:     168000 | Episode:     1680

[INFO 11:49:36] my_main Recent Stats | t_env:     170000 | Episode:     1700

[INFO 11:49:56] my_main t_env: 170100 / 2050000
[INFO 11:49:56] my_main Estimated time left: 4 days, 18 hours, 25 minutes, 27 seconds. Time passed: 9 hours, 42 minutes, 20 seconds
[INFO 11:57:18] my_main Recent Stats | t_env:     172000 | Episode:     1720
communication_rate_mean:   1.0000	ep_length_mean:          100.0000	episode_limit_mean:        1.0000	epsilon:                   0.0000
healthy_machine_fraction_mean:  0.1810	return_mean:              39.5100	return_std:                6.8622	test_communication_rate_mean:  1.0000
test_ep_length_mean:     100.0000	test_episode_limit_mean:   1.0000	test_healthy_machine_fraction_mean:  0.1625	test_return_mean:         55.2500
test_return_std:           8.6132	
[INFO 12:04:29] my_main Recent Stats | t_env:     174000 | Episode:     1740
agent_grad_norm:           0.1431	critic_grad_norm:          1.2781	critic_loss:               0.6158	entropy_loss:              0.1894
pg_loss:                  -5.5926	pi_max:                    0.9160	selector_loss:             0.0567	target_vals:               4.5412

[INFO 12:11:45] my_main Recent Stats | t_env:     176000 | Episode:     1760

[INFO 12:18:57] my_main Recent Stats | t_env:     178000 | Episode:     1780

[INFO 12:26:13] my_main Recent Stats | t_env:     180000 | Episode:     1800

[INFO 12:26:31] my_main t_env: 180100 / 2050000
[INFO 12:26:31] my_main Estimated time left: 4 days, 18 hours, 53 seconds. Time passed: 10 hours, 18 minutes, 55 seconds
[INFO 12:33:49] my_main Recent Stats | t_env:     182000 | Episode:     1820
communication_rate_mean:   1.0000	ep_length_mean:          100.0000	episode_limit_mean:        1.0000	epsilon:                   0.0000
healthy_machine_fraction_mean:  0.1880	return_mean:              39.3700	return_std:                6.7241	test_communication_rate_mean:  1.0000
test_ep_length_mean:     100.0000	test_episode_limit_mean:   1.0000	test_healthy_machine_fraction_mean:  0.1000	test_return_mean:         53.2812
test_return_std:           7.6413	
[INFO 12:41:04] my_main Recent Stats | t_env:     184000 | Episode:     1840
agent_grad_norm:           0.2655	critic_grad_norm:          0.6527	critic_loss:               0.6554	entropy_loss:              0.1780
pg_loss:                  -5.7745	pi_max:                    0.9205	selector_loss:             0.0624	target_vals:               4.5379

[INFO 12:48:17] my_main Recent Stats | t_env:     186000 | Episode:     1860

[INFO 12:55:32] my_main Recent Stats | t_env:     188000 | Episode:     1880

[INFO 13:02:43] my_main Recent Stats | t_env:     190000 | Episode:     1900

[INFO 13:03:02] my_main t_env: 190100 / 2050000
[INFO 13:03:02] my_main Estimated time left: 4 days, 17 hours, 12 minutes, 57 seconds. Time passed: 10 hours, 55 minutes, 26 seconds
[INFO 13:10:21] my_main Recent Stats | t_env:     192000 | Episode:     1920
communication_rate_mean:   1.0000	ep_length_mean:          100.0000	episode_limit_mean:        1.0000	epsilon:                   0.0000
healthy_machine_fraction_mean:  0.2110	return_mean:              39.2200	return_std:                6.5872	test_communication_rate_mean:  1.0000
test_ep_length_mean:     100.0000	test_episode_limit_mean:   1.0000	test_healthy_machine_fraction_mean:  0.1469	test_return_mean:         53.0000
test_return_std:           6.5670	
[INFO 13:17:36] my_main Recent Stats | t_env:     194000 | Episode:     1940
agent_grad_norm:           0.2233	critic_grad_norm:          1.5568	critic_loss:               0.6567	entropy_loss:              0.1941
pg_loss:                  -5.9028	pi_max:                    0.9119	selector_loss:             0.0635	target_vals:               4.7716

[INFO 13:24:48] my_main Recent Stats | t_env:     196000 | Episode:     1960

[INFO 13:32:02] my_main Recent Stats | t_env:     198000 | Episode:     1980

[INFO 13:39:14] my_main Recent Stats | t_env:     200000 | Episode:     2000

[INFO 13:39:32] my_main t_env: 200100 / 2050000
[INFO 13:39:32] my_main Estimated time left: 4 days, 16 hours, 31 minutes, 35 seconds. Time passed: 11 hours, 31 minutes, 56 seconds
[INFO 13:46:54] my_main Recent Stats | t_env:     202000 | Episode:     2020
communication_rate_mean:   1.0000	ep_length_mean:          100.0000	episode_limit_mean:        1.0000	epsilon:                   0.0000
healthy_machine_fraction_mean:  0.2210	return_mean:              39.4400	return_std:                6.2102	test_communication_rate_mean:  1.0000
test_ep_length_mean:     100.0000	test_episode_limit_mean:   1.0000	test_healthy_machine_fraction_mean:  0.1375	test_return_mean:         53.8750
test_return_std:           8.6557	
[INFO 13:54:06] my_main Recent Stats | t_env:     204000 | Episode:     2040
agent_grad_norm:           0.1856	critic_grad_norm:          1.4628	critic_loss:               0.6930	entropy_loss:              0.1764
pg_loss:                  -6.3280	pi_max:                    0.9205	selector_loss:             0.0731	target_vals:               4.6962

[INFO 14:01:20] my_main Recent Stats | t_env:     206000 | Episode:     2060

[INFO 14:08:31] my_main Recent Stats | t_env:     208000 | Episode:     2080

[INFO 14:15:44] my_main Recent Stats | t_env:     210000 | Episode:     2100

[INFO 14:16:04] my_main t_env: 210100 / 2050000
[INFO 14:16:04] my_main Estimated time left: 4 days, 16 hours, 13 seconds. Time passed: 12 hours, 8 minutes, 27 seconds
[INFO 14:23:21] my_main Recent Stats | t_env:     212000 | Episode:     2120
communication_rate_mean:   1.0000	ep_length_mean:          100.0000	episode_limit_mean:        1.0000	epsilon:                   0.0000
healthy_machine_fraction_mean:  0.2250	return_mean:              38.9000	return_std:                5.5848	test_communication_rate_mean:  1.0000
test_ep_length_mean:     100.0000	test_episode_limit_mean:   1.0000	test_healthy_machine_fraction_mean:  0.1156	test_return_mean:         51.0312
test_return_std:           7.9313	
[INFO 14:30:35] my_main Recent Stats | t_env:     214000 | Episode:     2140
agent_grad_norm:           0.2097	critic_grad_norm:          0.4578	critic_loss:               0.6643	entropy_loss:              0.1865
pg_loss:                  -6.3163	pi_max:                    0.9150	selector_loss:             0.0740	target_vals:               5.1811

[INFO 14:37:45] my_main Recent Stats | t_env:     216000 | Episode:     2160

[INFO 14:45:00] my_main Recent Stats | t_env:     218000 | Episode:     2180

[INFO 14:52:09] my_main Recent Stats | t_env:     220000 | Episode:     2200

[INFO 14:52:29] my_main t_env: 220100 / 2050000
[INFO 14:52:29] my_main Estimated time left: 4 days, 15 hours, 3 minutes, 28 seconds. Time passed: 12 hours, 44 minutes, 52 seconds
[INFO 14:59:51] my_main Recent Stats | t_env:     222000 | Episode:     2220
communication_rate_mean:   1.0000	ep_length_mean:          100.0000	episode_limit_mean:        1.0000	epsilon:                   0.0000
healthy_machine_fraction_mean:  0.2470	return_mean:              40.2400	return_std:                5.2347	test_communication_rate_mean:  1.0000
test_ep_length_mean:     100.0000	test_episode_limit_mean:   1.0000	test_healthy_machine_fraction_mean:  0.1312	test_return_mean:         55.0000
test_return_std:           9.8869	
[INFO 15:07:00] my_main Recent Stats | t_env:     224000 | Episode:     2240
agent_grad_norm:           0.2727	critic_grad_norm:          1.4132	critic_loss:               0.8635	entropy_loss:              0.1778
pg_loss:                  -6.8189	pi_max:                    0.9195	selector_loss:             0.0847	target_vals:               5.4141

[INFO 15:14:15] my_main Recent Stats | t_env:     226000 | Episode:     2260

[INFO 15:21:24] my_main Recent Stats | t_env:     228000 | Episode:     2280

[INFO 15:28:36] my_main Recent Stats | t_env:     230000 | Episode:     2300

[INFO 15:28:57] my_main t_env: 230100 / 2050000
[INFO 15:28:57] my_main Estimated time left: 4 days, 14 hours, 37 minutes, 3 seconds. Time passed: 13 hours, 21 minutes, 20 seconds
[INFO 15:36:13] my_main Recent Stats | t_env:     232000 | Episode:     2320
communication_rate_mean:   1.0000	ep_length_mean:          100.0000	episode_limit_mean:        1.0000	epsilon:                   0.0000
healthy_machine_fraction_mean:  0.2320	return_mean:              39.7600	return_std:                6.0879	test_communication_rate_mean:  1.0000
test_ep_length_mean:     100.0000	test_episode_limit_mean:   1.0000	test_healthy_machine_fraction_mean:  0.1406	test_return_mean:         55.9062
test_return_std:           6.8846	
[INFO 15:43:27] my_main Recent Stats | t_env:     234000 | Episode:     2340
agent_grad_norm:           0.2430	critic_grad_norm:          1.8170	critic_loss:               0.6016	entropy_loss:              0.1935
pg_loss:                  -6.8729	pi_max:                    0.9110	selector_loss:             0.0880	target_vals:               6.0074

[INFO 15:50:36] my_main Recent Stats | t_env:     236000 | Episode:     2360

[INFO 15:57:50] my_main Recent Stats | t_env:     238000 | Episode:     2380

[INFO 16:04:57] my_main Recent Stats | t_env:     240000 | Episode:     2400

[INFO 16:05:17] my_main t_env: 240100 / 2050000
[INFO 16:05:17] my_main Estimated time left: 4 days, 13 hours, 37 minutes, 5 seconds. Time passed: 13 hours, 57 minutes, 41 seconds
[INFO 16:12:38] my_main Recent Stats | t_env:     242000 | Episode:     2420
communication_rate_mean:   1.0000	ep_length_mean:          100.0000	episode_limit_mean:        1.0000	epsilon:                   0.0000
healthy_machine_fraction_mean:  0.2240	return_mean:              41.8200	return_std:                5.5649	test_communication_rate_mean:  1.0000
test_ep_length_mean:     100.0000	test_episode_limit_mean:   1.0000	test_healthy_machine_fraction_mean:  0.1063	test_return_mean:         58.4062
test_return_std:           7.6439	
[INFO 16:19:46] my_main Recent Stats | t_env:     244000 | Episode:     2440
agent_grad_norm:           0.4640	critic_grad_norm:          1.1233	critic_loss:               0.6478	entropy_loss:              0.1758
pg_loss:                  -7.0648	pi_max:                    0.9202	selector_loss:             0.0956	target_vals:               5.8522

[INFO 16:27:00] my_main Recent Stats | t_env:     246000 | Episode:     2460

[INFO 16:34:10] my_main Recent Stats | t_env:     248000 | Episode:     2480

[INFO 16:41:21] my_main Recent Stats | t_env:     250000 | Episode:     2500

[INFO 16:41:42] my_main t_env: 250100 / 2050000
[INFO 16:41:42] my_main Estimated time left: 4 days, 13 hours, 13 minutes, 1 seconds. Time passed: 14 hours, 34 minutes, 5 seconds
[INFO 16:48:57] my_main Recent Stats | t_env:     252000 | Episode:     2520
communication_rate_mean:   1.0000	ep_length_mean:          100.0000	episode_limit_mean:        1.0000	epsilon:                   0.0000
healthy_machine_fraction_mean:  0.2480	return_mean:              39.6400	return_std:                5.7663	test_communication_rate_mean:  1.0000
test_ep_length_mean:     100.0000	test_episode_limit_mean:   1.0000	test_healthy_machine_fraction_mean:  0.1531	test_return_mean:         56.5000
test_return_std:           6.9911	
[INFO 16:56:11] my_main Recent Stats | t_env:     254000 | Episode:     2540
agent_grad_norm:           0.3219	critic_grad_norm:          0.7254	critic_loss:               0.5984	entropy_loss:              0.1766
pg_loss:                  -7.0978	pi_max:                    0.9192	selector_loss:             0.0943	target_vals:               5.9362

[INFO 17:03:19] my_main Recent Stats | t_env:     256000 | Episode:     2560

[INFO 17:10:32] my_main Recent Stats | t_env:     258000 | Episode:     2580

[INFO 17:17:38] my_main Recent Stats | t_env:     260000 | Episode:     2600

[INFO 17:17:58] my_main t_env: 260100 / 2050000
[INFO 17:17:58] my_main Estimated time left: 4 days, 12 hours, 13 minutes, 17 seconds. Time passed: 15 hours, 10 minutes, 22 seconds
[INFO 17:25:18] my_main Recent Stats | t_env:     262000 | Episode:     2620
communication_rate_mean:   1.0000	ep_length_mean:          100.0000	episode_limit_mean:        1.0000	epsilon:                   0.0000
healthy_machine_fraction_mean:  0.2310	return_mean:              39.4800	return_std:                5.8077	test_communication_rate_mean:  1.0000
test_ep_length_mean:     100.0000	test_episode_limit_mean:   1.0000	test_healthy_machine_fraction_mean:  0.1719	test_return_mean:         55.7500
test_return_std:           8.8706	
[INFO 17:32:26] my_main Recent Stats | t_env:     264000 | Episode:     2640
agent_grad_norm:           0.3322	critic_grad_norm:          1.2956	critic_loss:               0.8179	entropy_loss:              0.1763
pg_loss:                  -7.3722	pi_max:                    0.9188	selector_loss:             0.1013	target_vals:               6.0857

[INFO 17:39:40] my_main Recent Stats | t_env:     266000 | Episode:     2660

[INFO 17:46:48] my_main Recent Stats | t_env:     268000 | Episode:     2680

[INFO 17:53:57] my_main Recent Stats | t_env:     270000 | Episode:     2700

[INFO 17:54:18] my_main t_env: 270100 / 2050000
[INFO 17:54:18] my_main Estimated time left: 4 days, 11 hours, 45 minutes, 39 seconds. Time passed: 15 hours, 46 minutes, 41 seconds
[INFO 18:01:33] my_main Recent Stats | t_env:     272000 | Episode:     2720
communication_rate_mean:   1.0000	ep_length_mean:          100.0000	episode_limit_mean:        1.0000	epsilon:                   0.0000
healthy_machine_fraction_mean:  0.2640	return_mean:              39.1100	return_std:                5.8308	test_communication_rate_mean:  1.0000
test_ep_length_mean:     100.0000	test_episode_limit_mean:   1.0000	test_healthy_machine_fraction_mean:  0.1937	test_return_mean:         52.5312
test_return_std:           7.1370	
[INFO 18:08:45] my_main Recent Stats | t_env:     274000 | Episode:     2740
agent_grad_norm:           0.3026	critic_grad_norm:          1.1134	critic_loss:               0.9793	entropy_loss:              0.1833
pg_loss:                  -7.3277	pi_max:                    0.9140	selector_loss:             0.0992	target_vals:               5.8965

[INFO 18:15:53] my_main Recent Stats | t_env:     276000 | Episode:     2760

[INFO 18:23:05] my_main Recent Stats | t_env:     278000 | Episode:     2780

[INFO 18:28:26] my_main Recent Stats | t_env:     280000 | Episode:     2800

[INFO 18:28:40] my_main t_env: 280100 / 2050000
[INFO 18:28:40] my_main Estimated time left: 4 days, 5 hours, 23 minutes, 8 seconds. Time passed: 16 hours, 21 minutes, 4 seconds
[INFO 18:33:23] my_main Recent Stats | t_env:     282000 | Episode:     2820
communication_rate_mean:   1.0000	ep_length_mean:          100.0000	episode_limit_mean:        1.0000	epsilon:                   0.0000
healthy_machine_fraction_mean:  0.2300	return_mean:              38.4600	return_std:                4.6549	test_communication_rate_mean:  1.0000
test_ep_length_mean:     100.0000	test_episode_limit_mean:   1.0000	test_healthy_machine_fraction_mean:  0.1281	test_return_mean:         58.5625
test_return_std:           7.7739	
[INFO 18:38:07] my_main Recent Stats | t_env:     284000 | Episode:     2840
agent_grad_norm:           0.2259	critic_grad_norm:          0.8289	critic_loss:               0.6693	entropy_loss:              0.1803
pg_loss:                  -7.8144	pi_max:                    0.9167	selector_loss:             0.1147	target_vals:               6.3863

[INFO 18:42:52] my_main Recent Stats | t_env:     286000 | Episode:     2860

[INFO 18:47:37] my_main Recent Stats | t_env:     288000 | Episode:     2880

[INFO 18:52:20] my_main Recent Stats | t_env:     290000 | Episode:     2900

[INFO 18:52:34] my_main t_env: 290100 / 2050000
[INFO 18:52:34] my_main Estimated time left: 2 days, 22 hours, 6 minutes, 55 seconds. Time passed: 16 hours, 44 minutes, 58 seconds
[INFO 18:57:18] my_main Recent Stats | t_env:     292000 | Episode:     2920
communication_rate_mean:   1.0000	ep_length_mean:          100.0000	episode_limit_mean:        1.0000	epsilon:                   0.0000
healthy_machine_fraction_mean:  0.2310	return_mean:              38.1500	return_std:                6.0189	test_communication_rate_mean:  1.0000
test_ep_length_mean:     100.0000	test_episode_limit_mean:   1.0000	test_healthy_machine_fraction_mean:  0.2688	test_return_mean:         46.5938
test_return_std:           6.6232	
[INFO 19:02:03] my_main Recent Stats | t_env:     294000 | Episode:     2940
agent_grad_norm:           0.4204	critic_grad_norm:          1.0942	critic_loss:               0.8404	entropy_loss:              0.2028
pg_loss:                  -7.9752	pi_max:                    0.9051	selector_loss:             0.1184	target_vals:               6.8907

[INFO 19:06:49] my_main Recent Stats | t_env:     296000 | Episode:     2960

[INFO 19:11:34] my_main Recent Stats | t_env:     298000 | Episode:     2980

[INFO 19:16:17] my_main Recent Stats | t_env:     300000 | Episode:     3000

[INFO 19:16:32] my_main t_env: 300100 / 2050000
[INFO 19:16:32] my_main Estimated time left: 2 days, 21 hours, 52 minutes, 5 seconds. Time passed: 17 hours, 8 minutes, 55 seconds
[INFO 19:21:16] my_main Recent Stats | t_env:     302000 | Episode:     3020
communication_rate_mean:   0.9956	ep_length_mean:          100.0000	episode_limit_mean:        1.0000	epsilon:                   0.0000
healthy_machine_fraction_mean:  0.2580	return_mean:              38.6200	return_std:                5.9393	test_communication_rate_mean:  0.4987
test_ep_length_mean:     100.0000	test_episode_limit_mean:   1.0000	test_healthy_machine_fraction_mean:  0.1594	test_return_mean:         61.5938
test_return_std:           8.6706	
[INFO 19:26:02] my_main Recent Stats | t_env:     304000 | Episode:     3040
agent_grad_norm:           0.6810	critic_grad_norm:          1.3842	critic_loss:               0.6043	entropy_loss:              0.1940
pg_loss:                  -8.2227	pi_max:                    0.9095	selector_loss:             0.1273	target_vals:               6.9877

[INFO 19:30:48] my_main Recent Stats | t_env:     306000 | Episode:     3060

[INFO 19:35:34] my_main Recent Stats | t_env:     308000 | Episode:     3080

[INFO 19:40:18] my_main Recent Stats | t_env:     310000 | Episode:     3100

[INFO 19:40:32] my_main t_env: 310100 / 2050000
[INFO 19:40:32] my_main Estimated time left: 2 days, 21 hours, 35 minutes, 47 seconds. Time passed: 17 hours, 32 minutes, 55 seconds
[INFO 19:45:17] my_main Recent Stats | t_env:     312000 | Episode:     3120
communication_rate_mean:   0.5256	ep_length_mean:          100.0000	episode_limit_mean:        1.0000	epsilon:                   0.0000
healthy_machine_fraction_mean:  0.2290	return_mean:              41.4100	return_std:                5.6055	test_communication_rate_mean:  0.4984
test_ep_length_mean:     100.0000	test_episode_limit_mean:   1.0000	test_healthy_machine_fraction_mean:  0.0906	test_return_mean:         59.4688
test_return_std:           8.1393	
[INFO 19:50:02] my_main Recent Stats | t_env:     314000 | Episode:     3140
agent_grad_norm:           0.2394	critic_grad_norm:          1.3530	critic_loss:               0.8289	entropy_loss:              0.2019
pg_loss:                  -8.1917	pi_max:                    0.9050	selector_loss:             0.1224	target_vals:               6.7566

[INFO 19:54:48] my_main Recent Stats | t_env:     316000 | Episode:     3160

[INFO 19:59:33] my_main Recent Stats | t_env:     318000 | Episode:     3180

[INFO 20:04:18] my_main Recent Stats | t_env:     320000 | Episode:     3200

[INFO 20:04:32] my_main t_env: 320100 / 2050000
[INFO 20:04:32] my_main Estimated time left: 2 days, 21 hours, 12 minutes, 35 seconds. Time passed: 17 hours, 56 minutes, 56 seconds
[INFO 20:09:17] my_main Recent Stats | t_env:     322000 | Episode:     3220
communication_rate_mean:   0.5260	ep_length_mean:          100.0000	episode_limit_mean:        1.0000	epsilon:                   0.0000
healthy_machine_fraction_mean:  0.2440	return_mean:              41.3800	return_std:                5.3662	test_communication_rate_mean:  0.4878
test_ep_length_mean:     100.0000	test_episode_limit_mean:   1.0000	test_healthy_machine_fraction_mean:  0.1281	test_return_mean:         59.6250
test_return_std:           9.4926	
[INFO 20:14:03] my_main Recent Stats | t_env:     324000 | Episode:     3240
agent_grad_norm:           0.5707	critic_grad_norm:          3.6985	critic_loss:               0.7912	entropy_loss:              0.2006
pg_loss:                  -8.1593	pi_max:                    0.9069	selector_loss:             0.1230	target_vals:               6.9517

[INFO 20:18:49] my_main Recent Stats | t_env:     326000 | Episode:     3260

[INFO 20:23:35] my_main Recent Stats | t_env:     328000 | Episode:     3280

[INFO 20:28:21] my_main Recent Stats | t_env:     330000 | Episode:     3300

[INFO 20:28:35] my_main t_env: 330100 / 2050000
[INFO 20:28:35] my_main Estimated time left: 2 days, 20 hours, 56 minutes, 50 seconds. Time passed: 18 hours, 20 minutes, 59 seconds
[INFO 20:33:20] my_main Recent Stats | t_env:     332000 | Episode:     3320
communication_rate_mean:   0.5130	ep_length_mean:          100.0000	episode_limit_mean:        1.0000	epsilon:                   0.0000
healthy_machine_fraction_mean:  0.2310	return_mean:              41.1300	return_std:                6.1150	test_communication_rate_mean:  0.4912
test_ep_length_mean:     100.0000	test_episode_limit_mean:   1.0000	test_healthy_machine_fraction_mean:  0.2000	test_return_mean:         59.2500
test_return_std:           8.0855	
[INFO 20:38:06] my_main Recent Stats | t_env:     334000 | Episode:     3340
agent_grad_norm:           0.4272	critic_grad_norm:          2.3917	critic_loss:               0.7074	entropy_loss:              0.1958
pg_loss:                  -8.0616	pi_max:                    0.9087	selector_loss:             0.1265	target_vals:               6.5415

[INFO 20:42:54] my_main Recent Stats | t_env:     336000 | Episode:     3360

[INFO 20:47:40] my_main Recent Stats | t_env:     338000 | Episode:     3380

[INFO 20:52:25] my_main Recent Stats | t_env:     340000 | Episode:     3400

[INFO 20:52:39] my_main t_env: 340100 / 2050000
[INFO 20:52:39] my_main Estimated time left: 2 days, 20 hours, 35 minutes, 29 seconds. Time passed: 18 hours, 45 minutes, 3 seconds
[INFO 20:57:24] my_main Recent Stats | t_env:     342000 | Episode:     3420
communication_rate_mean:   0.5108	ep_length_mean:          100.0000	episode_limit_mean:        1.0000	epsilon:                   0.0000
healthy_machine_fraction_mean:  0.2690	return_mean:              42.1900	return_std:                6.1963	test_communication_rate_mean:  0.4989
test_ep_length_mean:     100.0000	test_episode_limit_mean:   1.0000	test_healthy_machine_fraction_mean:  0.1813	test_return_mean:         59.1562
test_return_std:           6.6854	
[INFO 21:02:10] my_main Recent Stats | t_env:     344000 | Episode:     3440
agent_grad_norm:           0.1990	critic_grad_norm:          0.5987	critic_loss:               0.7771	entropy_loss:              0.2088
pg_loss:                  -8.5177	pi_max:                    0.9021	selector_loss:             0.1354	target_vals:               7.1651

[INFO 21:06:56] my_main Recent Stats | t_env:     346000 | Episode:     3460

[INFO 21:11:42] my_main Recent Stats | t_env:     348000 | Episode:     3480

[INFO 21:16:27] my_main Recent Stats | t_env:     350000 | Episode:     3500

[INFO 21:16:42] my_main t_env: 350100 / 2050000
[INFO 21:16:42] my_main Estimated time left: 2 days, 20 hours, 6 minutes, 18 seconds. Time passed: 19 hours, 9 minutes, 5 seconds
[INFO 21:21:27] my_main Recent Stats | t_env:     352000 | Episode:     3520
communication_rate_mean:   0.5120	ep_length_mean:          100.0000	episode_limit_mean:        1.0000	epsilon:                   0.0000
healthy_machine_fraction_mean:  0.2890	return_mean:              40.9300	return_std:                6.2101	test_communication_rate_mean:  0.4956
test_ep_length_mean:     100.0000	test_episode_limit_mean:   1.0000	test_healthy_machine_fraction_mean:  0.1937	test_return_mean:         60.7188
test_return_std:           5.7730	
[INFO 21:26:13] my_main Recent Stats | t_env:     354000 | Episode:     3540
agent_grad_norm:           0.8508	critic_grad_norm:          2.2214	critic_loss:               0.7395	entropy_loss:              0.2102
pg_loss:                  -8.3725	pi_max:                    0.9025	selector_loss:             0.1311	target_vals:               6.9778

[INFO 21:31:00] my_main Recent Stats | t_env:     356000 | Episode:     3560

[INFO 21:35:46] my_main Recent Stats | t_env:     358000 | Episode:     3580

[INFO 21:40:30] my_main Recent Stats | t_env:     360000 | Episode:     3600

[INFO 21:40:45] my_main t_env: 360100 / 2050000
[INFO 21:40:45] my_main Estimated time left: 2 days, 19 hours, 44 minutes, 10 seconds. Time passed: 19 hours, 33 minutes, 8 seconds
[INFO 21:45:30] my_main Recent Stats | t_env:     362000 | Episode:     3620
communication_rate_mean:   0.5137	ep_length_mean:          100.0000	episode_limit_mean:        1.0000	epsilon:                   0.0000
healthy_machine_fraction_mean:  0.2780	return_mean:              40.0600	return_std:                6.0445	test_communication_rate_mean:  0.4945
test_ep_length_mean:     100.0000	test_episode_limit_mean:   1.0000	test_healthy_machine_fraction_mean:  0.0969	test_return_mean:         66.1250
test_return_std:           6.9000	
[INFO 21:50:16] my_main Recent Stats | t_env:     364000 | Episode:     3640
agent_grad_norm:           0.3104	critic_grad_norm:          1.4428	critic_loss:               0.7917	entropy_loss:              0.2003
pg_loss:                  -8.5873	pi_max:                    0.9074	selector_loss:             0.1396	target_vals:               6.7001

[INFO 21:55:02] my_main Recent Stats | t_env:     366000 | Episode:     3660

[INFO 21:59:49] my_main Recent Stats | t_env:     368000 | Episode:     3680

[INFO 22:04:34] my_main Recent Stats | t_env:     370000 | Episode:     3700

[INFO 22:04:48] my_main t_env: 370100 / 2050000
[INFO 22:04:48] my_main Estimated time left: 2 days, 19 hours, 21 minutes, 13 seconds. Time passed: 19 hours, 57 minutes, 12 seconds
[INFO 22:09:33] my_main Recent Stats | t_env:     372000 | Episode:     3720
communication_rate_mean:   0.5097	ep_length_mean:          100.0000	episode_limit_mean:        1.0000	epsilon:                   0.0000
healthy_machine_fraction_mean:  0.3080	return_mean:              41.0100	return_std:                5.8915	test_communication_rate_mean:  0.4975
test_ep_length_mean:     100.0000	test_episode_limit_mean:   1.0000	test_healthy_machine_fraction_mean:  0.1906	test_return_mean:         58.8750
test_return_std:           6.1631	
[INFO 22:14:19] my_main Recent Stats | t_env:     374000 | Episode:     3740
agent_grad_norm:           0.6224	critic_grad_norm:          1.3137	critic_loss:               0.9654	entropy_loss:              0.2128
pg_loss:                  -8.8254	pi_max:                    0.8996	selector_loss:             0.1400	target_vals:               7.3646

[INFO 22:19:06] my_main Recent Stats | t_env:     376000 | Episode:     3760

[INFO 22:23:52] my_main Recent Stats | t_env:     378000 | Episode:     3780

[INFO 22:28:35] my_main Recent Stats | t_env:     380000 | Episode:     3800

[INFO 22:28:50] my_main t_env: 380100 / 2050000
[INFO 22:28:50] my_main Estimated time left: 2 days, 18 hours, 53 minutes, 8 seconds. Time passed: 20 hours, 21 minutes, 13 seconds
[INFO 22:33:35] my_main Recent Stats | t_env:     382000 | Episode:     3820
communication_rate_mean:   0.5095	ep_length_mean:          100.0000	episode_limit_mean:        1.0000	epsilon:                   0.0000
healthy_machine_fraction_mean:  0.2890	return_mean:              41.6400	return_std:                6.6174	test_communication_rate_mean:  0.4966
test_ep_length_mean:     100.0000	test_episode_limit_mean:   1.0000	test_healthy_machine_fraction_mean:  0.1063	test_return_mean:         60.4688
test_return_std:           7.7055	
[INFO 22:38:21] my_main Recent Stats | t_env:     384000 | Episode:     3840
agent_grad_norm:           1.0409	critic_grad_norm:          0.7814	critic_loss:               0.6576	entropy_loss:              0.2079
pg_loss:                  -9.1061	pi_max:                    0.9007	selector_loss:             0.1570	target_vals:               7.7562

[INFO 22:43:07] my_main Recent Stats | t_env:     386000 | Episode:     3860

[INFO 22:47:52] my_main Recent Stats | t_env:     388000 | Episode:     3880

[INFO 22:52:36] my_main Recent Stats | t_env:     390000 | Episode:     3900

[INFO 22:52:51] my_main t_env: 390100 / 2050000
[INFO 22:52:51] my_main Estimated time left: 2 days, 18 hours, 25 minutes, 41 seconds. Time passed: 20 hours, 45 minutes, 14 seconds
[INFO 22:57:35] my_main Recent Stats | t_env:     392000 | Episode:     3920
communication_rate_mean:   0.5118	ep_length_mean:          100.0000	episode_limit_mean:        1.0000	epsilon:                   0.0000
healthy_machine_fraction_mean:  0.3410	return_mean:              40.5900	return_std:                6.5850	test_communication_rate_mean:  0.5007
test_ep_length_mean:     100.0000	test_episode_limit_mean:   1.0000	test_healthy_machine_fraction_mean:  0.2688	test_return_mean:         60.0625
test_return_std:           7.9802	
[INFO 23:02:21] my_main Recent Stats | t_env:     394000 | Episode:     3940
agent_grad_norm:           0.7510	critic_grad_norm:          3.6342	critic_loss:               0.8357	entropy_loss:              0.2226
pg_loss:                  -9.0864	pi_max:                    0.8944	selector_loss:             0.1534	target_vals:               7.8811

[INFO 23:07:08] my_main Recent Stats | t_env:     396000 | Episode:     3960

[INFO 23:11:54] my_main Recent Stats | t_env:     398000 | Episode:     3980

[INFO 23:16:38] my_main Recent Stats | t_env:     400000 | Episode:     4000

[INFO 23:16:53] my_main t_env: 400100 / 2050000
[INFO 23:16:53] my_main Estimated time left: 2 days, 18 hours, 5 minutes, 14 seconds. Time passed: 21 hours, 9 minutes, 16 seconds
[INFO 23:21:37] my_main Recent Stats | t_env:     402000 | Episode:     4020
communication_rate_mean:   0.5099	ep_length_mean:          100.0000	episode_limit_mean:        1.0000	epsilon:                   0.0000
healthy_machine_fraction_mean:  0.3120	return_mean:              41.4400	return_std:                6.6473	test_communication_rate_mean:  0.5234
test_ep_length_mean:     100.0000	test_episode_limit_mean:   1.0000	test_healthy_machine_fraction_mean:  0.2375	test_return_mean:         58.8438
test_return_std:           6.3596	
[INFO 23:26:24] my_main Recent Stats | t_env:     404000 | Episode:     4040
agent_grad_norm:           0.5797	critic_grad_norm:          1.6563	critic_loss:               0.7963	entropy_loss:              0.2216
pg_loss:                  -9.0579	pi_max:                    0.8908	selector_loss:             0.1569	target_vals:               7.1129

[INFO 23:31:10] my_main Recent Stats | t_env:     406000 | Episode:     4060

[INFO 23:35:56] my_main Recent Stats | t_env:     408000 | Episode:     4080

[INFO 23:40:40] my_main Recent Stats | t_env:     410000 | Episode:     4100

[INFO 23:40:54] my_main t_env: 410100 / 2050000
[INFO 23:40:54] my_main Estimated time left: 2 days, 17 hours, 40 minutes, 36 seconds. Time passed: 21 hours, 33 minutes, 18 seconds
[INFO 23:45:39] my_main Recent Stats | t_env:     412000 | Episode:     4120
communication_rate_mean:   0.5262	ep_length_mean:          100.0000	episode_limit_mean:        1.0000	epsilon:                   0.0000
healthy_machine_fraction_mean:  0.3650	return_mean:              41.2400	return_std:                5.8807	test_communication_rate_mean:  0.5172
test_ep_length_mean:     100.0000	test_episode_limit_mean:   1.0000	test_healthy_machine_fraction_mean:  0.1937	test_return_mean:         59.3125
test_return_std:           7.7275	
[INFO 23:50:25] my_main Recent Stats | t_env:     414000 | Episode:     4140
agent_grad_norm:           0.9979	critic_grad_norm:          0.8152	critic_loss:               0.8683	entropy_loss:              0.2333
pg_loss:                  -9.2708	pi_max:                    0.8835	selector_loss:             0.1587	target_vals:               7.8843

[INFO 23:55:11] my_main Recent Stats | t_env:     416000 | Episode:     4160

[INFO 23:59:58] my_main Recent Stats | t_env:     418000 | Episode:     4180

[INFO 00:04:43] my_main Recent Stats | t_env:     420000 | Episode:     4200

[INFO 00:04:57] my_main t_env: 420100 / 2050000
[INFO 00:04:57] my_main Estimated time left: 2 days, 17 hours, 19 minutes, 46 seconds. Time passed: 21 hours, 57 minutes, 21 seconds
[INFO 00:09:42] my_main Recent Stats | t_env:     422000 | Episode:     4220
communication_rate_mean:   0.5278	ep_length_mean:          100.0000	episode_limit_mean:        1.0000	epsilon:                   0.0000
healthy_machine_fraction_mean:  0.3160	return_mean:              42.6200	return_std:                6.2814	test_communication_rate_mean:  0.5333
test_ep_length_mean:     100.0000	test_episode_limit_mean:   1.0000	test_healthy_machine_fraction_mean:  0.1813	test_return_mean:         56.9688
test_return_std:           8.3122	
[INFO 00:14:30] my_main Recent Stats | t_env:     424000 | Episode:     4240
agent_grad_norm:           0.7210	critic_grad_norm:          0.6652	critic_loss:               0.8896	entropy_loss:              0.2169
pg_loss:                  -9.4899	pi_max:                    0.8939	selector_loss:             0.1650	target_vals:               7.8027

[INFO 00:19:15] my_main Recent Stats | t_env:     426000 | Episode:     4260

[INFO 00:24:01] my_main Recent Stats | t_env:     428000 | Episode:     4280

[INFO 00:28:45] my_main Recent Stats | t_env:     430000 | Episode:     4300

[INFO 00:28:59] my_main t_env: 430100 / 2050000
[INFO 00:28:59] my_main Estimated time left: 2 days, 16 hours, 53 minutes, 44 seconds. Time passed: 22 hours, 21 minutes, 23 seconds
[INFO 00:33:45] my_main Recent Stats | t_env:     432000 | Episode:     4320
communication_rate_mean:   0.5310	ep_length_mean:          100.0000	episode_limit_mean:        1.0000	epsilon:                   0.0000
healthy_machine_fraction_mean:  0.3890	return_mean:              41.8200	return_std:                5.6646	test_communication_rate_mean:  0.5273
test_ep_length_mean:     100.0000	test_episode_limit_mean:   1.0000	test_healthy_machine_fraction_mean:  0.1969	test_return_mean:         58.5625
test_return_std:           5.1414	
[INFO 00:38:31] my_main Recent Stats | t_env:     434000 | Episode:     4340
agent_grad_norm:           1.5057	critic_grad_norm:          5.0830	critic_loss:               0.8939	entropy_loss:              0.2178
pg_loss:                  -9.4736	pi_max:                    0.8958	selector_loss:             0.1645	target_vals:               7.8025

[INFO 00:43:18] my_main Recent Stats | t_env:     436000 | Episode:     4360

[INFO 00:48:04] my_main Recent Stats | t_env:     438000 | Episode:     4380

[INFO 00:52:49] my_main Recent Stats | t_env:     440000 | Episode:     4400

[INFO 00:53:03] my_main t_env: 440100 / 2050000
[INFO 00:53:03] my_main Estimated time left: 2 days, 16 hours, 34 minutes, 11 seconds. Time passed: 22 hours, 45 minutes, 27 seconds
[INFO 00:57:49] my_main Recent Stats | t_env:     442000 | Episode:     4420
communication_rate_mean:   0.5323	ep_length_mean:          100.0000	episode_limit_mean:        1.0000	epsilon:                   0.0000
healthy_machine_fraction_mean:  0.3600	return_mean:              41.8400	return_std:                5.5095	test_communication_rate_mean:  0.5209
test_ep_length_mean:     100.0000	test_episode_limit_mean:   1.0000	test_healthy_machine_fraction_mean:  0.2438	test_return_mean:         56.3438
test_return_std:           6.5269	
[INFO 01:02:35] my_main Recent Stats | t_env:     444000 | Episode:     4440
agent_grad_norm:           0.5387	critic_grad_norm:          1.8902	critic_loss:               1.0078	entropy_loss:              0.2333
pg_loss:                  -9.7041	pi_max:                    0.8838	selector_loss:             0.1675	target_vals:               7.8562

[INFO 01:07:21] my_main Recent Stats | t_env:     446000 | Episode:     4460

[INFO 01:12:07] my_main Recent Stats | t_env:     448000 | Episode:     4480

[INFO 01:16:51] my_main Recent Stats | t_env:     450000 | Episode:     4500

[INFO 01:17:05] my_main t_env: 450100 / 2050000
[INFO 01:17:05] my_main Estimated time left: 2 days, 16 hours, 5 minutes, 28 seconds. Time passed: 23 hours, 9 minutes, 29 seconds
[INFO 01:21:50] my_main Recent Stats | t_env:     452000 | Episode:     4520
communication_rate_mean:   0.5261	ep_length_mean:          100.0000	episode_limit_mean:        1.0000	epsilon:                   0.0000
healthy_machine_fraction_mean:  0.3760	return_mean:              41.4900	return_std:                4.7064	test_communication_rate_mean:  0.5213
test_ep_length_mean:     100.0000	test_episode_limit_mean:   1.0000	test_healthy_machine_fraction_mean:  0.3063	test_return_mean:         60.3125
test_return_std:           6.9302	
[INFO 01:26:36] my_main Recent Stats | t_env:     454000 | Episode:     4540
agent_grad_norm:           0.3519	critic_grad_norm:          4.6112	critic_loss:               0.8459	entropy_loss:              0.2385
pg_loss:                  -9.8449	pi_max:                    0.8827	selector_loss:             0.1729	target_vals:               8.5619

[INFO 01:31:21] my_main Recent Stats | t_env:     456000 | Episode:     4560

[INFO 01:36:07] my_main Recent Stats | t_env:     458000 | Episode:     4580

[INFO 01:40:51] my_main Recent Stats | t_env:     460000 | Episode:     4600

[INFO 01:41:05] my_main t_env: 460100 / 2050000
[INFO 01:41:05] my_main Estimated time left: 2 days, 15 hours, 35 minutes, 27 seconds. Time passed: 23 hours, 33 minutes, 29 seconds
[INFO 01:45:49] my_main Recent Stats | t_env:     462000 | Episode:     4620
communication_rate_mean:   0.5256	ep_length_mean:          100.0000	episode_limit_mean:        1.0000	epsilon:                   0.0000
healthy_machine_fraction_mean:  0.4050	return_mean:              42.0700	return_std:                5.8996	test_communication_rate_mean:  0.5381
test_ep_length_mean:     100.0000	test_episode_limit_mean:   1.0000	test_healthy_machine_fraction_mean:  0.3000	test_return_mean:         56.9062
test_return_std:           6.5401	
[INFO 01:50:35] my_main Recent Stats | t_env:     464000 | Episode:     4640
agent_grad_norm:           0.6935	critic_grad_norm:          4.7149	critic_loss:               0.8086	entropy_loss:              0.2237
pg_loss:                 -10.0084	pi_max:                    0.8917	selector_loss:             0.1822	target_vals:               8.5497

