[DEBUG 02:08:07] git.cmd Popen(['git', 'version'], cwd=/root/autodl-tmp/AAAI/LLM_Communication/Baseline-cognac/SMS, stdin=None, shell=False, universal_newlines=False)
[DEBUG 02:08:07] git.cmd Popen(['git', 'version'], cwd=/root/autodl-tmp/AAAI/LLM_Communication/Baseline-cognac/SMS, stdin=None, shell=False, universal_newlines=False)
[DEBUG 02:08:07] git.util sys.platform='linux', git_executable='git'
[DEBUG 02:08:07] git.util sys.platform='linux', git_executable='git'
src/main.py:87: YAMLLoadWarning: calling yaml.load() without Loader=... is deprecated, as the default Loader is unsafe. Please read https://msg.pyyaml.org/load for full details.
  config_dict = yaml.load(f)
src/main.py:48: YAMLLoadWarning: calling yaml.load() without Loader=... is deprecated, as the default Loader is unsafe. Please read https://msg.pyyaml.org/load for full details.
  config_dict = yaml.load(f)
src/main.py:56: DeprecationWarning: Using or importing the ABCs from 'collections' instead of from 'collections.abc' is deprecated since Python 3.3, and in 3.10 it will stop working
  if isinstance(v, collections.Mapping):
[INFO 02:08:07] root Saving to FileStorageObserver in /root/autodl-tmp/AAAI/LLM_Communication/Baseline-cognac/SMS/results/sacred/firefighting_10/SMS_COGNAC.
[DEBUG 02:08:08] pymarl Using capture mode "fd"
[INFO 02:08:08] pymarl Running command 'my_main'
[INFO 02:08:08] pymarl Started run with ID "3"
[DEBUG 02:08:08] pymarl Starting Heartbeat
[DEBUG 02:08:08] my_main Started
[INFO 02:08:08] my_main Experiment Parameters:
[INFO 02:08:08] my_main 

{   'abs': True,
    'action_selector': 'gumbel',
    'agent': 'sms',
    'agent_output_type': 'pi_logits',
    'batch_size': 32,
    'batch_size_run': 1,
    'buffer_cpu_only': True,
    'buffer_size': 128,
    'checkpoint_path': '',
    'critic_hidden_dim': 128,
    'critic_lr': 0.001,
    'dropout_rate': 0.5,
    'enable_msg_selector': True,
    'entropy_coef': 0.03,
    'env': 'cognac',
    'env_args': {   'map_name': 'firefighting_10',
                    'max_steps': 100,
                    'seed': 1237,
                    'task': 'firefighting_10'},
    'epsilon_anneal_time': 100000,
    'epsilon_finish': 0.0,
    'epsilon_start': 0.0,
    'evaluate': False,
    'gamma': 0.99,
    'grad_norm_clip': 10,
    'hypernet_embed': 64,
    'label': 'default_label',
    'lambd': 0.6,
    'learner': 'sms_learner',
    'learner_log_interval': 10000,
    'load_step': 0,
    'local_results_path': 'results',
    'log_interval': 2000,
    'lr': 0.001,
    'mac': 'sms_mac',
    'mask_before_softmax': True,
    'message_dropout': True,
    'mixer': 'dop',
    'mixing_embed_dim': 32,
    'msg_dim': 8,
    'msg_hidden_dim': 32,
    'msg_lr': 0.0001,
    'msg_n_epochs': 1,
    'name': 'SMS_COGNAC',
    'obs_agent_id': True,
    'obs_last_action': True,
    'off_batch_size': 64,
    'off_buffer_size': 5000,
    'optim_alpha': 0.99,
    'optim_eps': 1e-05,
    'optimizer': 'adam',
    'repeat_id': 1,
    'rnn_hidden_dim': 64,
    'run': 'on_off',
    'runner': 'episode',
    'runner_log_interval': 10000,
    'sample_size': 2,
    'save_model': False,
    'save_model_interval': 100000,
    'save_replay': False,
    'seed': 1237,
    'selector_hidden_dim': 32,
    'start_msg_select_timestep': 300000,
    't_max': 2050000,
    'target_update_interval': 200,
    'test_greedy': True,
    'test_interval': 10000,
    'test_nepisode': 32,
    'use_cuda': True,
    'use_rnn': False,
    'use_tensorboard': True}

[INFO 02:08:09] my_main Beginning training for 2050000 timesteps
/root/autodl-tmp/AAAI/LLM_Communication/Baseline-cognac/SMS/src/components/episode_buffer.py:103: UserWarning: Creating a tensor from a list of numpy.ndarrays is extremely slow. Please consider converting the list to a single numpy.ndarray with numpy.array() before converting to a tensor. (Triggered internally at ../torch/csrc/utils/tensor_new.cpp:278.)
  v = th.tensor(v, dtype=dtype, device=self.device)
/root/autodl-tmp/AAAI/LLM_Communication/Baseline-cognac/SMS/src/components/episode_buffer.py:103: UserWarning: To copy construct from a tensor, it is recommended to use sourceTensor.clone().detach() or sourceTensor.clone().detach().requires_grad_(True), rather than torch.tensor(sourceTensor).
  v = th.tensor(v, dtype=dtype, device=self.device)
[INFO 02:08:10] my_main t_env: 100 / 2050000
[INFO 02:08:10] my_main Estimated time left: 5 minutes, 2 seconds. Time passed: 1 seconds
[INFO 02:08:58] my_main Recent Stats | t_env:       2000 | Episode:       20
all_fires_out_mean:        0.0000	communication_rate_mean:   1.0000	ep_length_mean:          100.0000	episode_limit_mean:        1.0000
epsilon:                   0.0000	mean_fire_level_mean:      7.3636	return_mean:             -3599.0000	return_std:                0.0000
test_all_fires_out_mean:   0.0000	test_communication_rate_mean:  1.0000	test_ep_length_mean:     100.0000	test_episode_limit_mean:   1.0000
test_mean_fire_level_mean: 14.1534	test_return_mean:        -24427.7500	test_return_std:         6022.1597	
[INFO 02:09:22] my_main Recent Stats | t_env:       4000 | Episode:       40

[INFO 02:09:46] my_main Recent Stats | t_env:       6072 | Episode:       63

[INFO 02:10:10] my_main Recent Stats | t_env:       8092 | Episode:       84

[DEBUG 02:10:28] pymarl Stopping Heartbeat
[ERROR 02:10:28] pymarl Failed after 0:02:20!
Traceback (most recent calls WITHOUT Sacred internals):
  File "src/main.py", line 35, in my_main
    run_REGISTRY[_config['run']](_run, config, _log)
  File "/root/autodl-tmp/AAAI/LLM_Communication/Baseline-cognac/SMS/src/run/on_off_run.py", line 49, in run
    run_sequential(args=args, logger=logger)
  File "/root/autodl-tmp/AAAI/LLM_Communication/Baseline-cognac/SMS/src/run/on_off_run.py", line 178, in run_sequential
    episode_batch = runner.run(test_mode=False)
  File "/root/autodl-tmp/AAAI/LLM_Communication/Baseline-cognac/SMS/src/runners/episode_runner.py", line 70, in run
    reward, terminated, env_info = self.env.step(actions[0])
  File "/root/autodl-tmp/AAAI/LLM_Communication/Baseline-cognac/SMS/src/envs/cognac_wrapper.py", line 63, in step
    truncated = all(bool(truncs[a]) for a in self.env.possible_agents)
  File "/root/autodl-tmp/AAAI/LLM_Communication/Baseline-cognac/SMS/src/envs/cognac_wrapper.py", line 63, in <genexpr>
    truncated = all(bool(truncs[a]) for a in self.env.possible_agents)
KeyError: 0

